# MeteoRegex - telemetria bruta da rede de estações do nordeste paraense
# formato: codigo|carimbo|coordenadas|leituras|firmware[|alerta]
# linhas iniciadas por '#' e linhas em branco são ignoradas pelo analisador

PA-BEL-004A|2026-09-01T06:00:00Z|-1.455833,-48.503889|TEMP=+24.8C;UMID=92%;PLUV=0.0mm;PRES=1010.20hPa;VENT=1.4m/s|fw-v3.11.2
PA-BEL-004A|2026-09-01T12:00:00Z|-1.455833,-48.503889|TEMP=+31.6C;UMID=68%;PLUV=0.0mm;PRES=1008.40hPa;VENT=3.7m/s|fw-v3.11.2
PA-BEL-004A|2026-09-01T18:00:00Z|-1.455833,-48.503889|TEMP=+27.9C;UMID=88%;PLUV=34.5mm;PRES=1006.10hPa;VENT=8.9m/s|fw-v3.11.2|!ALERTA:NIVEL2:CHUVA_FORTE
PA-BEL-004A.2|2026-09-02T06:00:00Z|-1.451200,-48.499100|TEMP=+24.1C;UMID=95%;PLUV=12.0mm|fw-v3.11.2
PA-ANA-127B|2026-09-02T06:15:00-03:00|-1.365400,-48.372100|TEMP=+23.9C;UMID=97%;PLUV=5.5mm;VENT=0.8m/s|fw-v3.10.7
PA-ANA-127B|2026-09-02T12:15:00-03:00|-1.365400,-48.372100|TEMP=+33.2C;UMID=61%;PLUV=0.0mm;VENT=4.1m/s|fw-v3.10.7
PA-CAS-088C|2026-09-02T12:30:00.500Z|-1.305600,-47.928900|TEMP=+32.4C;UMID=64%;PRES=1007.80hPa|fw-v4.0.0-beta.3
PA-CAS-088C|2026-09-02T18:30:00.500Z|-1.305600,-47.928900|TEMP=+28.7C;UMID=85%;PLUV=61.2mm;VENT=11.3m/s|fw-v4.0.0-beta.3|!ALERTA:NIVEL3:VENDAVAL_COM_DESCARGAS

# --- registros propositalmente defeituosos, usados na demonstração ---
pa-bel-004a|2026-09-03T06:00:00Z|-1.455833,-48.503889|TEMP=+24.0C|fw-v3.11.2
PA-BEL-004A|2026-09-03 06:00:00|-1.455833,-48.503889|TEMP=+24.0C|fw-v3.11.2
PA-BEL-004A|2026-09-03T06:00:00Z|-1.45,-48.50|TEMP=+24.0C|fw-v3.11.2
PA-BEL-004A|2026-09-03T06:00:00Z|-1.455833,-48.503889|TEMP=24.0;UMID=90%|fw-v3.11.2
PA-BEL-004A|2026-09-03T06:00:00Z|-1.455833,-48.503889|TEMP=+24.0C|fw-v3.11
PA-BEL-004A|2026-09-03T06:00:00Z|-1.455833,-48.503889|TEMP=+24.0C|fw-v3.11.2|!ALERTA:NIVEL4:CHUVA
PA-BEL-004A|2026-09-03T06:00:00Z|-1.455833,-48.503889|TEMP=+24.0C
PA-BEL-004A|2026-02-30T06:00:00Z|-1.455833,-48.503889|TEMP=+24.0C|fw-v3.11.2

# --- retorno à operação normal ---
PA-BEL-004A|2026-09-04T06:00:00Z|-1.455833,-48.503889|TEMP=+25.2C;UMID=90%;PLUV=2.4mm;PRES=1009.90hPa;VENT=2.0m/s|fw-v3.11.3
PA-BEL-004A|2026-09-04T12:00:00Z|-1.455833,-48.503889|TEMP=+32.8C;UMID=63%;PLUV=0.0mm;PRES=1007.50hPa;VENT=5.2m/s|fw-v3.11.3
PA-ANA-127B|2026-09-04T12:15:00-03:00|-1.365400,-48.372100|TEMP=+34.1C;UMID=58%;PLUV=0.0mm;VENT=6.0m/s|fw-v3.10.7|!ALERTA:NIVEL1:CALOR
PA-CAS-088C|2026-09-05T00:00:00.125Z|-1.305600,-47.928900|TEMP=+26.0C;UMID=91%;PLUV=18.7mm;VENT=7.2m/s|fw-v4.0.0-rc.1|!ALERTA:NIVEL2:CHUVA_FORTE
PA-SAL-311D|2026-09-05T06:00:00Z|-0.611100,-47.355800|TEMP=+25.7C;UMID=93%;PLUV=0.0mm;PRES=1011.00hPa;VENT=3.3m/s|fw-v3.11.3
PA-SAL-311D|2026-09-05T12:00:00Z|-0.611100,-47.355800|TEMP=+58.3C;UMID=40%;PLUV=0.0mm;VENT=2.1m/s|fw-v3.11.3
PA-SAL-311D.10|2026-09-05T18:00:00Z|-0.610000,-47.354000|TEMP=+27.1C;UMID=89%;PLUV=9.8mm;VENT=4.4m/s|fw-v3.11.3
AM-MAO-001A|2026-09-06T09:00:00-04:00|-3.117000,-60.025300|TEMP=+30.4C;UMID=75%;PLUV=1.2mm;PRES=1005.60hPa|fw-v2.9.14-alpha.7
AM-MAO-001A|2026-09-06T15:00:00-04:00|-3.117000,-60.025300|TEMP=+33.8C;UMID=59%;PLUV=0.0mm;PRES=1004.20hPa|fw-v2.9.14-alpha.7|!ALERTA:NIVEL1:ESTIAGEM
PA-BEL-004A|2026-09-07T06:00:00Z|-1.455833,-48.503889|TEMP=+24.4C;UMID=94%;PLUV=41.0mm;PRES=1005.80hPa;VENT=9.6m/s|fw-v3.11.3|!ALERTA:NIVEL2:MARE_ALTA_DE_SIZIGIA
PA-BEL-004A|2026-09-07T12:00:00Z|-1.455833,-48.503889|TEMP=+29.3C;UMID=79%;PLUV=6.3mm;PRES=1007.10hPa;VENT=4.8m/s|fw-v3.11.3
PA-CAS-088C|2026-09-08T09:45:00.750-03:00|-1.305600,-47.928900|TEMP=+30.9C;UMID=70%;PLUV=0.0mm;VENT=5.5m/s|fw-v4.0.1
